// Jest Snapshot v1, https://goo.gl/fbAQLP

exports[`Pruebas en GifGrid Debe mostrarse correctamente. 1`] = `
<Fragment>
  <h3
    className="animate__animated animate__lightSpeedInLeft"
  >
    Goku
  </h3>
  <p
    className="animate__animated animate__flash"
  >
    Cargando...
  </p>
  <p
    className="animate__animated animate__bounceInDown"
  >
    No hay elementos para mostrar...
  </p>
  <div
    className="card-grid"
  />
</Fragment>
`;
